ZENOH_CONFIG_OVERRIDE_ROUTER=mode="router";listen/endpoints=["tcp/[::]:7447"];connect/endpoints=[];routing/router/peers_failover_brokering=true;transport/shared_memory/enabled=false
ZENOH_CONFIG_OVERRIDE_PEER=;transport/shared_memory/enabled=false
[2m2026-04-02T00:04:20.787377Z[0m [32m INFO[0m ThreadId(02) [2mzenoh::net::runtime[0m[2m:[0m Using ZID: 7bec2e2a8810c969e9ce67fb7a6889c3
[2m2026-04-02T00:04:20.787415Z[0m [33m WARN[0m ThreadId(02) [2mzenoh::net::routing::interceptor::authorization[0m[2m:[0m Rule 'deny_rule' flows list is not set. Setting it to both Ingress and Egress
[2m2026-04-02T00:04:20.787983Z[0m [32m INFO[0m ThreadId(02) [2mzenoh::net::runtime::orchestrator[0m[2m:[0m Zenoh can be reached at: tcp/[2601:401:4200:7e00::6265]:7447
[2m2026-04-02T00:04:20.787987Z[0m [32m INFO[0m ThreadId(02) [2mzenoh::net::runtime::orchestrator[0m[2m:[0m Zenoh can be reached at: tcp/[2601:401:4200:7e00:b7db:1f80:545:8a47]:7447
[2m2026-04-02T00:04:20.787988Z[0m [32m INFO[0m ThreadId(02) [2mzenoh::net::runtime::orchestrator[0m[2m:[0m Zenoh can be reached at: tcp/[2601:401:4200:7e00:507a:f780:481d:878f]:7447
[2m2026-04-02T00:04:20.787989Z[0m [32m INFO[0m ThreadId(02) [2mzenoh::net::runtime::orchestrator[0m[2m:[0m Zenoh can be reached at: tcp/[fd7a:115c:a1e0::6f01:f0c0]:7447
[2m2026-04-02T00:04:20.787990Z[0m [32m INFO[0m ThreadId(02) [2mzenoh::net::runtime::orchestrator[0m[2m:[0m Zenoh can be reached at: tcp/100.110.240.36:7447
[2m2026-04-02T00:04:20.787991Z[0m [32m INFO[0m ThreadId(02) [2mzenoh::net::runtime::orchestrator[0m[2m:[0m Zenoh can be reached at: tcp/[fe80::518:5297:e9dc:eaeb]:7447
[2m2026-04-02T00:04:20.787993Z[0m [32m INFO[0m ThreadId(02) [2mzenoh::net::runtime::orchestrator[0m[2m:[0m Zenoh can be reached at: tcp/[fe80::d140:b240:73fc:b523]:7447
[2m2026-04-02T00:04:20.787994Z[0m [32m INFO[0m ThreadId(02) [2mzenoh::net::runtime::orchestrator[0m[2m:[0m Zenoh can be reached at: tcp/10.0.0.110:7447
[INFO] [launch]: All log files can be found below /home/untangled/.ros/log/2026-04-01-20-04-20-881070-aic_eval.untangled-24902
[INFO] [launch]: Default logging verbosity is set to INFO
[2m2026-04-02T00:04:21.284605Z[0m [32m INFO[0m acc-0 ThreadId(04) [2mzenoh::net::routing::interceptor::access_control[0m[2m:[0m e8b2940334235506af2d56ec5f6514cc did not match any configured ACL subject. Default permission `Allow` will be applied on all messages
Started Zenoh router with id 7bec2e2a8810c969e9ce67fb7a6889c3
[INFO] [robot_state_publisher-1]: process started with pid [24965]
[INFO] [aic_adapter-2]: process started with pid [24966]
[INFO] [component_container-3]: process started with pid [24967]
[INFO] [gz-4]: process started with pid [24968]
[INFO] [create-5]: process started with pid [24969]
[INFO] [relay-6]: process started with pid [24970]
[INFO] [static_transform_publisher-7]: process started with pid [24971]
[INFO] [aic_engine-8]: process started with pid [24972]
[2m2026-04-02T00:04:21.511332Z[0m [32m INFO[0m acc-0 ThreadId(04) [2mzenoh::net::routing::interceptor::access_control[0m[2m:[0m 1605055bc72b5ed720d9de2847209ab9 did not match any configured ACL subject. Default permission `Allow` will be applied on all messages
[2m2026-04-02T00:04:21.512552Z[0m [32m INFO[0m acc-0 ThreadId(04) [2mzenoh::net::routing::interceptor::access_control[0m[2m:[0m ed5c7d49b878096d3be792db666c9835 did not match any configured ACL subject. Default permission `Allow` will be applied on all messages
[2m2026-04-02T00:04:21.512640Z[0m [32m INFO[0m acc-0 ThreadId(04) [2mzenoh::net::routing::interceptor::access_control[0m[2m:[0m a831e94c9a222f489639d68cf30b1082 did not match any configured ACL subject. Default permission `Allow` will be applied on all messages
[2m2026-04-02T00:04:21.515593Z[0m [32m INFO[0m acc-0 ThreadId(04) [2mzenoh::net::routing::interceptor::access_control[0m[2m:[0m 273810528037dcd9c6abca5d01169753 did not match any configured ACL subject. Default permission `Allow` will be applied on all messages
[2m2026-04-02T00:04:21.523164Z[0m [32m INFO[0m acc-0 ThreadId(04) [2mzenoh::net::routing::interceptor::access_control[0m[2m:[0m 179223b131ab61bdfa074f4ec6dc09c5 did not match any configured ACL subject. Default permission `Allow` will be applied on all messages
[2m2026-04-02T00:04:21.523379Z[0m [32m INFO[0m acc-0 ThreadId(04) [2mzenoh::net::routing::interceptor::access_control[0m[2m:[0m 514e4613a0025843aa5f34890a3f7cb2 did not match any configured ACL subject. Default permission `Allow` will be applied on all messages
[static_transform_publisher-7] [INFO] [1775088261.523253272] [ground_truth_static_tf_publisher]: Spinning until stopped - publishing transform
[static_transform_publisher-7] translation: ('0.000000', '0.000000', '0.000000')
[static_transform_publisher-7] rotation: ('0.000000', '0.000000', '0.000000', '1.000000')
[static_transform_publisher-7] from 'world' to 'aic_world'
[2m2026-04-02T00:04:21.530148Z[0m [32m INFO[0m acc-0 ThreadId(04) [2mzenoh::net::routing::interceptor::access_control[0m[2m:[0m d56ee23ec03d08264119f2926388a918 did not match any configured ACL subject. Default permission `Allow` will be applied on all messages
[robot_state_publisher-1] [INFO] [1775088261.530542199] [robot_state_publisher]: Robot initialized
[aic_engine-8] [INFO] [1775088261.532126197] [aic_engine]: Creating AIC Engine...
[create-5] [INFO] [1775088261.532572467] [ros_gz_sim]: Requesting list of world names.
[aic_engine-8] [INFO] [1775088261.532793538] [aic_engine]: Scoring output directory set to: /home/untangled/aic_results
[aic_engine-8] [INFO] [1775088261.532871757] [aic_engine]: [1;36m╔════════════════════════════════════════╗[0m
[aic_engine-8] [INFO] [1775088261.532878710] [aic_engine]: [1;36m║   Initializing AIC Engine...           ║[0m
[aic_engine-8] [INFO] [1775088261.532882417] [aic_engine]: [1;36m╚════════════════════════════════════════╝[0m
[aic_adapter-2] [INFO] [1775088261.542355566] [aic_adapter_node]: Adapter node initialization complete.
[aic_engine-8] [INFO] [1775088261.553355183] [aic_engine]: Successfully parsed trial 'trial_1'
[aic_engine-8] [INFO] [1775088261.553427340] [aic_engine]: Successfully parsed trial 'trial_2'
[aic_engine-8] [INFO] [1775088261.553464882] [aic_engine]: Successfully parsed trial 'trial_3'
[aic_engine-8] [INFO] [1775088261.553502133] [aic_engine]: Successfully parsed trial 'trial_4'
[aic_engine-8] [INFO] [1775088261.553585752] [aic_engine]: Successfully parsed trial 'trial_5'
[aic_engine-8] [INFO] [1775088261.553626670] [aic_engine]: Successfully parsed trial 'trial_6'
[aic_engine-8] [INFO] [1775088261.553664141] [aic_engine]: Successfully parsed trial 'trial_7'
[aic_engine-8] [INFO] [1775088261.553703767] [aic_engine]: Successfully parsed trial 'trial_8'
[aic_engine-8] [INFO] [1775088261.553745887] [aic_engine]: Successfully parsed trial 'trial_9'
[aic_engine-8] [INFO] [1775088261.553788017] [aic_engine]: Successfully parsed trial 'trial_10'
[aic_engine-8] [INFO] [1775088261.553827543] [aic_engine]: Successfully parsed trial 'trial_11'
[aic_engine-8] [INFO] [1775088261.553867910] [aic_engine]: Successfully parsed trial 'trial_12'
[aic_engine-8] [INFO] [1775088261.553908286] [aic_engine]: Successfully parsed trial 'trial_13'
[aic_engine-8] [INFO] [1775088261.553948473] [aic_engine]: Successfully parsed trial 'trial_14'
[aic_engine-8] [INFO] [1775088261.553988449] [aic_engine]: Successfully parsed trial 'trial_15'
[aic_engine-8] [INFO] [1775088261.554027153] [aic_engine]: Successfully parsed trial 'trial_16'
[aic_engine-8] [INFO] [1775088261.554073501] [aic_engine]: Successfully parsed trial 'trial_17'
[aic_engine-8] [INFO] [1775088261.554113437] [aic_engine]: Successfully parsed trial 'trial_18'
[aic_engine-8] [INFO] [1775088261.554152001] [aic_engine]: Successfully parsed trial 'trial_19'
[aic_engine-8] [INFO] [1775088261.554190674] [aic_engine]: Successfully parsed trial 'trial_20'
[aic_engine-8] [INFO] [1775088261.554238636] [aic_engine]: Successfully parsed trial 'trial_21'
[aic_engine-8] [INFO] [1775088261.554279554] [aic_engine]: Successfully parsed trial 'trial_22'
[aic_engine-8] [INFO] [1775088261.554318578] [aic_engine]: Successfully parsed trial 'trial_23'
[aic_engine-8] [INFO] [1775088261.554356560] [aic_engine]: Successfully parsed trial 'trial_24'
[aic_engine-8] [INFO] [1775088261.554395114] [aic_engine]: Successfully parsed trial 'trial_25'
[aic_engine-8] [INFO] [1775088261.554440751] [aic_engine]: Successfully parsed trial 'trial_26'
[aic_engine-8] [INFO] [1775088261.554478212] [aic_engine]: Successfully parsed trial 'trial_27'
[aic_engine-8] [INFO] [1775088261.554517517] [aic_engine]: Successfully parsed trial 'trial_28'
[aic_engine-8] [INFO] [1775088261.554579635] [aic_engine]: Successfully parsed trial 'trial_29'
[aic_engine-8] [INFO] [1775088261.554618650] [aic_engine]: Successfully parsed trial 'trial_30'
[aic_engine-8] [INFO] [1775088261.554658385] [aic_engine]: Successfully parsed trial 'trial_31'
[aic_engine-8] [INFO] [1775088261.554698953] [aic_engine]: Successfully parsed trial 'trial_32'
[aic_engine-8] [INFO] [1775088261.554754158] [aic_engine]: Successfully parsed trial 'trial_33'
[aic_engine-8] [INFO] [1775088261.554794936] [aic_engine]: Successfully parsed trial 'trial_34'
[aic_engine-8] [INFO] [1775088261.554833138] [aic_engine]: Successfully parsed trial 'trial_35'
[aic_engine-8] [INFO] [1775088261.554869959] [aic_engine]: Successfully parsed trial 'trial_36'
[aic_engine-8] [INFO] [1775088261.554908532] [aic_engine]: Successfully parsed trial 'trial_37'
[aic_engine-8] [INFO] [1775088261.554950372] [aic_engine]: Successfully parsed trial 'trial_38'
[aic_engine-8] [INFO] [1775088261.554990007] [aic_engine]: Successfully parsed trial 'trial_39'
[aic_engine-8] [INFO] [1775088261.555026597] [aic_engine]: Successfully parsed trial 'trial_40'
[aic_engine-8] [INFO] [1775088261.555062575] [aic_engine]: Successfully parsed trial 'trial_41'
[aic_engine-8] [INFO] [1775088261.555105557] [aic_engine]: Successfully parsed trial 'trial_42'
[aic_engine-8] [INFO] [1775088261.555143830] [aic_engine]: Successfully parsed trial 'trial_43'
[aic_engine-8] [INFO] [1775088261.555204576] [aic_engine]: Successfully parsed trial 'trial_44'
[aic_engine-8] [INFO] [1775088261.555254170] [aic_engine]: Successfully parsed trial 'trial_45'
[aic_engine-8] [INFO] [1775088261.555292884] [aic_engine]: Successfully parsed trial 'trial_46'
[aic_engine-8] [INFO] [1775088261.555330897] [aic_engine]: Successfully parsed trial 'trial_47'
[aic_engine-8] [INFO] [1775088261.555368488] [aic_engine]: Successfully parsed trial 'trial_48'
[aic_engine-8] [INFO] [1775088261.555405198] [aic_engine]: Successfully parsed trial 'trial_49'
[aic_engine-8] [INFO] [1775088261.555442048] [aic_engine]: Successfully parsed trial 'trial_50'
[aic_engine-8] [INFO] [1775088261.555451096] [aic_engine]: Successfully parsed 50 trial(s)
[aic_engine-8] [INFO] [1775088261.555459121] [aic_engine]: Waiting for clock
[component_container-3] [INFO] [1775088261.595379889] [ros_gz_container]: Load Library: /ws_aic/install/lib/libgzserver_component.so
[component_container-3] [INFO] [1775088261.623333877] [ros_gz_container]: Found class: rclcpp_components::NodeFactoryTemplate<ros_gz_sim::GzServer>
[component_container-3] [INFO] [1775088261.623378673] [ros_gz_container]: Instantiate class: rclcpp_components::NodeFactoryTemplate<ros_gz_sim::GzServer>
[INFO] [launch_ros.actions.load_composable_nodes]: Loaded node '/gz_server' in container '/ros_gz_container'
[component_container-3] [INFO] [1775088261.625198410] [ros_gz_container]: Load Library: /ws_aic/install/lib/libros_gz_bridge.so
[component_container-3] [INFO] [1775088261.648575528] [ros_gz_container]: Found class: rclcpp_components::NodeFactoryTemplate<ros_gz_bridge::RosGzBridge>
[component_container-3] [INFO] [1775088261.648621776] [ros_gz_container]: Instantiate class: rclcpp_components::NodeFactoryTemplate<ros_gz_bridge::RosGzBridge>
[INFO] [launch_ros.actions.load_composable_nodes]: Loaded node '/ros_gz_bridge' in container 'ros_gz_container'
[component_container-3] (2026-04-01 20:04:21.675) [info] [ServerPrivate.cc:664] Loading SDF world file[/ws_aic/install/share/aic_description/world/aic.sdf].
[gz-4] Gtk-Message: 20:04:21.706: Failed to load module "canberra-gtk-module"
[gz-4] Gtk-Message: 20:04:21.706: Failed to load module "canberra-gtk-module"
[gz-4] _IceTransSocketUNIXConnect: Cannot connect to non-local host untangled
[gz-4] _IceTransSocketUNIXConnect: Cannot connect to non-local host untangled
[gz-4] Qt: Session management error: Could not open network socket
[component_container-3] [INFO] [1775088262.651238329] [ros_gz_bridge]: Creating GZ->ROS Bridge: [/clock (gz.msgs.Clock) -> /clock (rosgraph_msgs/msg/Clock)] (Lazy 0)
[component_container-3] [INFO] [1775088262.652033203] [ros_gz_bridge]: Creating GZ->ROS Bridge: [/left_camera/image (gz.msgs.Image) -> /left_camera/image (sensor_msgs/msg/Image)] (Lazy 1)
[component_container-3] [INFO] [1775088262.652901598] [ros_gz_bridge]: Creating GZ->ROS Bridge: [/center_camera/image (gz.msgs.Image) -> /center_camera/image (sensor_msgs/msg/Image)] (Lazy 1)
[component_container-3] [INFO] [1775088262.653087693] [ros_gz_bridge]: Creating GZ->ROS Bridge: [/right_camera/image (gz.msgs.Image) -> /right_camera/image (sensor_msgs/msg/Image)] (Lazy 1)
[component_container-3] [INFO] [1775088262.653271673] [ros_gz_bridge]: Creating GZ->ROS Bridge: [/left_camera/camera_info (gz.msgs.CameraInfo) -> /left_camera/camera_info (sensor_msgs/msg/CameraInfo)] (Lazy 1)
[component_container-3] [INFO] [1775088262.653524395] [ros_gz_bridge]: Creating GZ->ROS Bridge: [/center_camera/camera_info (gz.msgs.CameraInfo) -> /center_camera/camera_info (sensor_msgs/msg/CameraInfo)] (Lazy 1)
[component_container-3] [INFO] [1775088262.653727331] [ros_gz_bridge]: Creating GZ->ROS Bridge: [/right_camera/camera_info (gz.msgs.CameraInfo) -> /right_camera/camera_info (sensor_msgs/msg/CameraInfo)] (Lazy 1)
[component_container-3] [INFO] [1775088262.653927853] [ros_gz_bridge]: Creating GZ->ROS Bridge: [/aic/gazebo/contacts/off_limit (gz.msgs.Contacts) -> /aic/gazebo/contacts/off_limit (ros_gz_interfaces/msg/Contacts)] (Lazy 1)
[component_container-3] [INFO] [1775088262.654508249] [ros_gz_bridge]: Creating GZ->ROS Bridge: [/cable_0/pose (gz.msgs.Pose_V) -> /scoring/tf (tf2_msgs/msg/TFMessage)] (Lazy 1)
[component_container-3] [INFO] [1775088262.655091540] [ros_gz_bridge]: Creating GZ->ROS Bridge: [/cable_1/pose (gz.msgs.Pose_V) -> /scoring/tf (tf2_msgs/msg/TFMessage)] (Lazy 1)
[component_container-3] [INFO] [1775088262.655314134] [ros_gz_bridge]: Creating GZ->ROS Bridge: [/cable_2/pose (gz.msgs.Pose_V) -> /scoring/tf (tf2_msgs/msg/TFMessage)] (Lazy 1)
[component_container-3] [INFO] [1775088262.655468438] [ros_gz_bridge]: Creating GZ->ROS Bridge: [/cable_3/pose (gz.msgs.Pose_V) -> /scoring/tf (tf2_msgs/msg/TFMessage)] (Lazy 1)
[component_container-3] [INFO] [1775088262.655627381] [ros_gz_bridge]: Creating GZ->ROS Bridge: [/cable_4/pose (gz.msgs.Pose_V) -> /scoring/tf (tf2_msgs/msg/TFMessage)] (Lazy 1)
[component_container-3] [INFO] [1775088262.655784100] [ros_gz_bridge]: Creating GZ->ROS Bridge: [/task_board/pose_static (gz.msgs.Pose_V) -> /scoring/tf (tf2_msgs/msg/TFMessage)] (Lazy 1)
[component_container-3] [INFO] [1775088262.655941179] [ros_gz_bridge]: Creating GZ->ROS Bridge: [/cable_0/insertion_event (gz.msgs.StringMsg) -> /scoring/insertion_event (std_msgs/msg/String)] (Lazy 1)
[component_container-3] [INFO] [1775088262.656202817] [ros_gz_bridge]: Creating GZ->ROS Bridge: [/cable_1/insertion_event (gz.msgs.StringMsg) -> /scoring/insertion_event (std_msgs/msg/String)] (Lazy 1)
[component_container-3] (2026-04-01 20:04:23.650) [info] [SystemManager.cc:54] Serving entity system service on [/entity/system/add]
[component_container-3] (2026-04-01 20:04:23.654) [info] [UserCommands.cc:752] Create service on [/world/aic_world/create_multiple] (async)
[component_container-3] (2026-04-01 20:04:23.654) [info] [UserCommands.cc:754] Create service on [/world/aic_world/create_multiple/blocking] (blocking)
[component_container-3] (2026-04-01 20:04:23.654) [info] [UserCommands.cc:752] Remove service on [/world/aic_world/remove] (async)
[component_container-3] (2026-04-01 20:04:23.654) [info] [UserCommands.cc:754] Remove service on [/world/aic_world/remove/blocking] (blocking)
[component_container-3] (2026-04-01 20:04:23.654) [info] [UserCommands.cc:752] Pose service on [/world/aic_world/set_pose] (async)
[component_container-3] (2026-04-01 20:04:23.654) [info] [UserCommands.cc:754] Pose service on [/world/aic_world/set_pose/blocking] (blocking)
[component_container-3] (2026-04-01 20:04:23.654) [info] [UserCommands.cc:752] Pose service on [/world/aic_world/set_pose_vector] (async)
[component_container-3] (2026-04-01 20:04:23.654) [info] [UserCommands.cc:754] Pose service on [/world/aic_world/set_pose_vector/blocking] (blocking)
[component_container-3] (2026-04-01 20:04:23.654) [info] [UserCommands.cc:752] Light configuration service on [/world/aic_world/light_config] (async)
[component_container-3] (2026-04-01 20:04:23.654) [info] [UserCommands.cc:754] Light configuration service on [/world/aic_world/light_config/blocking] (blocking)
[component_container-3] (2026-04-01 20:04:23.654) [info] [UserCommands.cc:752] Physics service on [/world/aic_world/set_physics] (async)
[component_container-3] (2026-04-01 20:04:23.654) [info] [UserCommands.cc:754] Physics service on [/world/aic_world/set_physics/blocking] (blocking)
[component_container-3] (2026-04-01 20:04:23.654) [info] [UserCommands.cc:752] SphericalCoordinates service on [/world/aic_world/set_spherical_coordinates] (async)
[component_container-3] (2026-04-01 20:04:23.654) [info] [UserCommands.cc:754] SphericalCoordinates service on [/world/aic_world/set_spherical_coordinates/blocking] (blocking)
[component_container-3] (2026-04-01 20:04:23.654) [info] [UserCommands.cc:752] Enable collision service on [/world/aic_world/enable_collision] (async)
[component_container-3] (2026-04-01 20:04:23.654) [info] [UserCommands.cc:754] Enable collision service on [/world/aic_world/enable_collision/blocking] (blocking)
[component_container-3] (2026-04-01 20:04:23.654) [info] [UserCommands.cc:752] Disable collision service on [/world/aic_world/disable_collision] (async)
[component_container-3] (2026-04-01 20:04:23.654) [info] [UserCommands.cc:754] Disable collision service on [/world/aic_world/disable_collision/blocking] (blocking)
[component_container-3] (2026-04-01 20:04:23.655) [info] [UserCommands.cc:752] Material service on [/world/aic_world/visual_config] (async)
[component_container-3] (2026-04-01 20:04:23.655) [info] [UserCommands.cc:754] Material service on [/world/aic_world/visual_config/blocking] (blocking)
[component_container-3] (2026-04-01 20:04:23.655) [info] [UserCommands.cc:752] Material service on [/world/aic_world/wheel_slip] (async)
[component_container-3] (2026-04-01 20:04:23.655) [info] [UserCommands.cc:754] Material service on [/world/aic_world/wheel_slip/blocking] (blocking)
[component_container-3] (2026-04-01 20:04:23.655) [debug] [SystemManager.cc:80] Loaded system [gz::sim::systems::UserCommands] for entity [1]
[component_container-3] (2026-04-01 20:04:23.677) [debug] [Physics.cc:967] Loaded [gz::physics::bullet_featherstone::Plugin] from library [/ws_aic/install/lib/gz-physics-8/engine-plugins/libgz-physics-bullet-featherstone-plugin.so]
[component_container-3] (2026-04-01 20:04:23.677) [debug] [SystemManager.cc:80] Loaded system [gz::sim::systems::Physics] for entity [1]
[component_container-3] (2026-04-01 20:04:23.680) [debug] [Sensors.cc:697] Configuring Sensors system
[component_container-3] (2026-04-01 20:04:23.680) [debug] [Sensors.cc:557] SensorsPrivate::Run
[component_container-3] (2026-04-01 20:04:23.680) [debug] [SystemManager.cc:80] Loaded system [gz::sim::systems::Sensors] for entity [1]
[component_container-3] (2026-04-01 20:04:23.680) [debug] [Sensors.cc:532] SensorsPrivate::RenderThread started
[component_container-3] (2026-04-01 20:04:23.680) [debug] [Sensors.cc:337] Waiting for init
[component_container-3] (2026-04-01 20:04:23.681) [debug] [ScoringPlugin.cc:45] aic_gazebo::ScoringPlugin::Configure on entity: 1
[component_container-3] (2026-04-01 20:04:23.681) [debug] [SystemManager.cc:80] Loaded system [aic_gazebo::ScoringPlugin] for entity [1]
[component_container-3] (2026-04-01 20:04:23.682) [debug] [WorldSdfGeneratorPlugin.cc:47] aic_gazebo::WorldSdfGeneratorPlugin::Configure
[component_container-3] (2026-04-01 20:04:23.682) [debug] [SystemManager.cc:80] Loaded system [aic_gazebo::WorldSdfGeneratorPlugin] for entity [1]
[component_container-3] (2026-04-01 20:04:23.683) [debug] [SystemManager.cc:80] Loaded system [gz::sim::systems::Contact] for entity [1]
[component_container-3] (2026-04-01 20:04:23.683) [info] [LevelManager.cc:646] Loaded level [default]
[component_container-3] (2026-04-01 20:04:23.683) [debug] [ServerConfig.cc:1025] Loading (3) plugins from file [/home/untangled/.gz/sim/9/server.config]
[component_container-3] (2026-04-01 20:04:23.683) [debug] [SimulationRunner.cc:1696] Additional plugins to load:
[component_container-3] (2026-04-01 20:04:23.683) [debug] [SimulationRunner.cc:1699] gz::sim::systems::SceneBroadcaster gz-sim-scene-broadcaster-system
[component_container-3] (2026-04-01 20:04:23.684) [debug] [SystemManager.cc:80] Loaded system [gz::sim::systems::SceneBroadcaster] for entity [1]
[component_container-3] (2026-04-01 20:04:23.684) [info] [SimulationRunner.cc:275] Serving world controls on [/world/aic_world/control], [/world/aic_world/control/state] and [/world/aic_world/playback/control]
[component_container-3] (2026-04-01 20:04:23.684) [info] [SimulationRunner.cc:301] Serving GUI information on [/world/aic_world/gui/info]
[component_container-3] (2026-04-01 20:04:23.684) [info] [SimulationRunner.cc:304] World [aic_world] initialized with [2ms] physics profile.
[component_container-3] (2026-04-01 20:04:23.684) [info] [SimulationRunner.cc:311] Serving world SDF generation service on [/world/aic_world/generate_world_sdf]
[component_container-3] (2026-04-01 20:04:23.685) [info] [ServerPrivate.cc:344] Serving world names on [/gazebo/worlds]
[component_container-3] (2026-04-01 20:04:23.685) [info] [ServerPrivate.cc:357] Resource path add service on [/gazebo/resource_paths/add].
[component_container-3] (2026-04-01 20:04:23.685) [info] [ServerPrivate.cc:370] Resource path get service on [/gazebo/resource_paths/get].
[component_container-3] (2026-04-01 20:04:23.685) [info] [ServerPrivate.cc:385] Resource path resolve service on [/gazebo/resource_paths/resolve].
[component_container-3] (2026-04-01 20:04:23.685) [info] [ServerPrivate.cc:399] Resource paths published on [/gazebo/resource_paths].
[component_container-3] (2026-04-01 20:04:23.685) [info] [ServerPrivate.cc:412] Server control service on [/server_control].
[component_container-3] (2026-04-01 20:04:23.885) [info] [SimulationRunner.cc:769] Found no publishers on /stats, adding root stats topic
[component_container-3] (2026-04-01 20:04:23.885) [info] [SimulationRunner.cc:803] Found no publishers on /clock, adding root clock topic
[create-5] [INFO] [1775088263.886064490] [ros_gz_sim]: Entity creation successful.
[component_container-3] (2026-04-01 20:04:23.886) [debug] [SimulationRunner.cc:573] Creating PostUpdate worker threads: 5
[component_container-3] (2026-04-01 20:04:23.892) [debug] [SimulationRunner.cc:584] Creating postupdate worker thread (0)
[component_container-3] (2026-04-01 20:04:23.892) [debug] [SimulationRunner.cc:584] Creating postupdate worker thread (1)
[component_container-3] (2026-04-01 20:04:23.892) [debug] [SimulationRunner.cc:584] Creating postupdate worker thread (2)
[component_container-3] (2026-04-01 20:04:23.892) [debug] [SimulationRunner.cc:584] Creating postupdate worker thread (3)
[INFO] [create-5]: process has finished cleanly [pid 24969]
[INFO] [spawner-9]: process started with pid [25138]
[INFO] [spawner-10]: process started with pid [25139]
[component_container-3] [1;33mWarning [Utils.cc:119][0m [/sdf/model[@name="ur"]/link[@name="center_camera/sensor_link"]/sensor[@name="center_camera"]/camera[@name="center_camera"]/optical_frame_id]: SDF Element[optical_frame_id] is deprecated
[component_container-3] [1;33mWarning [Utils.cc:119][0m [/sdf/model[@name="ur"]/link[@name="left_camera/sensor_link"]/sensor[@name="left_camera"]/camera[@name="left_camera"]/optical_frame_id]: SDF Element[optical_frame_id] is deprecated
[component_container-3] [1;33mWarning [Utils.cc:119][0m [/sdf/model[@name="ur"]/link[@name="right_camera/sensor_link"]/sensor[@name="right_camera"]/camera[@name="right_camera"]/optical_frame_id]: SDF Element[optical_frame_id] is deprecated
[component_container-3] [WARN] [1775088264.042427265] [rcl.logging_rosout]: Publisher already registered for node name: 'ros_gz_container'. If this is due to multiple nodes with the same name then all logs for the logger named 'ros_gz_container' will go out over the existing publisher. As soon as any node with that name is destructed it will unregister the publisher, preventing any further logs for that name from being published on the rosout topic.
[component_container-3] [INFO] [1775088264.043624876] [ros_gz_container]: [gz_ros2_control] Fixed joint [tabletop_joint] (Entity=101)] is skipped
[component_container-3] [INFO] [1775088264.043652208] [ros_gz_container]: [gz_ros2_control] Fixed joint [center_camera/attach_sensor_link] (Entity=108)] is skipped
[component_container-3] [INFO] [1775088264.043679230] [ros_gz_container]: [gz_ros2_control] Fixed joint [center_camera/attach_optical] (Entity=109)] is skipped
[component_container-3] [INFO] [1775088264.043700671] [ros_gz_container]: [gz_ros2_control] Fixed joint [ati/attach_joint] (Entity=110)] is skipped
[component_container-3] [INFO] [1775088264.043706953] [ros_gz_container]: [gz_ros2_control] Fixed joint [left_camera/attach_sensor_link] (Entity=114)] is skipped
[component_container-3] [INFO] [1775088264.043711962] [ros_gz_container]: [gz_ros2_control] Fixed joint [left_camera/attach_optical] (Entity=115)] is skipped
[component_container-3] [INFO] [1775088264.043716852] [ros_gz_container]: [gz_ros2_control] Fixed joint [right_camera/attach_sensor_link] (Entity=116)] is skipped
[component_container-3] [INFO] [1775088264.043721420] [ros_gz_container]: [gz_ros2_control] Fixed joint [right_camera/attach_optical] (Entity=117)] is skipped
[component_container-3] [INFO] [1775088264.044855651] [ros_gz_container]: Loading controller_manager
[component_container-3] [INFO] [1775088264.051857241] [controller_manager]: Using ROS clock for triggering controller manager cycles.
[component_container-3] [INFO] [1775088264.053215148] [controller_manager]: Subscribing to '/robot_description' topic for robot description.
[component_container-3] [INFO] [1775088264.054864200] [controller_manager]: Enforcing command limits is enabled...
[component_container-3] [WARN] [1775088264.054899347] [ros_gz_container]: Waiting RM to load and initialize hardware...
[component_container-3] [INFO] [1775088264.055021349] [controller_manager]: Received robot description from topic.
[component_container-3] [INFO] [1775088264.057859997] [ros_gz_container]: Using JointLimiter for joint 'gripper/left_finger_joint' in hardware 'gripper' : '  has position limits: true [0, 0.025]
[component_container-3]   has velocity limits: true [0.05]
[component_container-3]   has acceleration limits: false [nan]
[component_container-3]   has deceleration limits: false [nan]
[component_container-3]   has jerk limits: false [nan]
[component_container-3]   has effort limits: true [20]
[component_container-3]   angle wraparound: false'
[component_container-3] [INFO] [1775088264.057880366] [ros_gz_container]: Creating JointSaturationLimiter for joint 'gripper/left_finger_joint' in hardware 'gripper'
[component_container-3] [INFO] [1775088264.057901957] [ros_gz_container]: Using JointLimiter for joint 'wrist_3_joint' in hardware 'ControlSystem' : '  has position limits: true [-6.28319, 6.28319]
[component_container-3]   has velocity limits: true [3.14159]
[component_container-3]   has acceleration limits: false [nan]
[component_container-3]   has deceleration limits: false [nan]
[component_container-3]   has jerk limits: false [nan]
[component_container-3]   has effort limits: true [28]
[component_container-3]   angle wraparound: false'
[component_container-3] [INFO] [1775088264.057907969] [ros_gz_container]: Creating JointSaturationLimiter for joint 'wrist_3_joint' in hardware 'ControlSystem'
[component_container-3] [INFO] [1775088264.057915784] [ros_gz_container]: Using JointLimiter for joint 'wrist_2_joint' in hardware 'ControlSystem' : '  has position limits: true [-6.28319, 6.28319]
[component_container-3]   has velocity limits: true [3.14159]
[component_container-3]   has acceleration limits: false [nan]
[component_container-3]   has deceleration limits: false [nan]
[component_container-3]   has jerk limits: false [nan]
[component_container-3]   has effort limits: true [28]
[component_container-3]   angle wraparound: false'
[component_container-3] [INFO] [1775088264.057921294] [ros_gz_container]: Creating JointSaturationLimiter for joint 'wrist_2_joint' in hardware 'ControlSystem'
[component_container-3] [INFO] [1775088264.057928558] [ros_gz_container]: Using JointLimiter for joint 'wrist_1_joint' in hardware 'ControlSystem' : '  has position limits: true [-6.28319, 6.28319]
[component_container-3]   has velocity limits: true [3.14159]
[component_container-3]   has acceleration limits: false [nan]
[component_container-3]   has deceleration limits: false [nan]
[component_container-3]   has jerk limits: false [nan]
[component_container-3]   has effort limits: true [28]
[component_container-3]   angle wraparound: false'
[component_container-3] [INFO] [1775088264.057933868] [ros_gz_container]: Creating JointSaturationLimiter for joint 'wrist_1_joint' in hardware 'ControlSystem'
[component_container-3] [INFO] [1775088264.057941282] [ros_gz_container]: Using JointLimiter for joint 'elbow_joint' in hardware 'ControlSystem' : '  has position limits: true [-3.14159, 3.14159]
[component_container-3]   has velocity limits: true [3.14159]
[component_container-3]   has acceleration limits: false [nan]
[component_container-3]   has deceleration limits: false [nan]
[component_container-3]   has jerk limits: false [nan]
[component_container-3]   has effort limits: true [150]
[component_container-3]   angle wraparound: false'
[component_container-3] [INFO] [1775088264.057946572] [ros_gz_container]: Creating JointSaturationLimiter for joint 'elbow_joint' in hardware 'ControlSystem'
[component_container-3] [INFO] [1775088264.057954748] [ros_gz_container]: Using JointLimiter for joint 'shoulder_lift_joint' in hardware 'ControlSystem' : '  has position limits: true [-6.28319, 6.28319]
[component_container-3]   has velocity limits: true [3.14159]
[component_container-3]   has acceleration limits: false [nan]
[component_container-3]   has deceleration limits: false [nan]
[component_container-3]   has jerk limits: false [nan]
[component_container-3]   has effort limits: true [150]
[component_container-3]   angle wraparound: false'
[component_container-3] [INFO] [1775088264.057980667] [ros_gz_container]: Creating JointSaturationLimiter for joint 'shoulder_lift_joint' in hardware 'ControlSystem'
[component_container-3] [INFO] [1775088264.057989404] [ros_gz_container]: Using JointLimiter for joint 'shoulder_pan_joint' in hardware 'ControlSystem' : '  has position limits: true [-6.28319, 6.28319]
[component_container-3]   has velocity limits: true [3.14159]
[component_container-3]   has acceleration limits: false [nan]
[component_container-3]   has deceleration limits: false [nan]
[component_container-3]   has jerk limits: false [nan]
[component_container-3]   has effort limits: true [150]
[component_container-3]   angle wraparound: false'
[component_container-3] [INFO] [1775088264.057995065] [ros_gz_container]: Creating JointSaturationLimiter for joint 'shoulder_pan_joint' in hardware 'ControlSystem'
[component_container-3] [INFO] [1775088264.061082647] [ros_gz_container]: The position_proportional_gain has been set to: 0.1
[component_container-3] [INFO] [1775088264.061123676] [ros_gz_container]: Loading joint: gripper/left_finger_joint
[component_container-3] [INFO] [1775088264.061129797] [ros_gz_container]: 	State:
[component_container-3] [INFO] [1775088264.061137231] [ros_gz_container]: 		 position
[component_container-3] [INFO] [1775088264.061147561] [ros_gz_container]: 			 found initial value: 0.007300
[component_container-3] [INFO] [1775088264.061154594] [ros_gz_container]: 		 velocity
[component_container-3] [INFO] [1775088264.061162860] [ros_gz_container]: 			 found initial value: 0.000000
[component_container-3] [INFO] [1775088264.061167539] [ros_gz_container]: 		 effort
[component_container-3] [INFO] [1775088264.061173981] [ros_gz_container]: 			 found initial value: 0.000000
[component_container-3] [INFO] [1775088264.061178470] [ros_gz_container]: 	Command:
[component_container-3] [INFO] [1775088264.061182377] [ros_gz_container]: 		 position
[component_container-3] [INFO] [1775088264.061193178] [ros_gz_container]: 		 effort
[component_container-3] [INFO] [1775088264.061282388] [ros_gz_container]: Loading sensor: AtiForceTorqueSensor
[component_container-3] [INFO] [1775088264.061290563] [ros_gz_container]: 	State:
[component_container-3] [INFO] [1775088264.061352151] [ros_gz_container]: Initialize hardware 'gripper' 
[component_container-3] [WARN] [1775088264.061468032] [rcl.logging_rosout]: Publisher already registered for node name: 'ros_gz_container'. If this is due to multiple nodes with the same name then all logs for the logger named 'ros_gz_container' will go out over the existing publisher. As soon as any node with that name is destructed it will unregister the publisher, preventing any further logs for that name from being published on the rosout topic.
[component_container-3] [INFO] [1775088264.062190187] [ros_gz_container.hardware_component.system.gripper]: `status_publish_rate` is set to 0.0, hardware status publisher will not be created.
[component_container-3] [INFO] [1775088264.062270160] [ros_gz_container]: Successful initialization of hardware 'gripper'
[component_container-3] [INFO] [1775088264.062377174] [ros_gz_container]: The position_proportional_gain has been set to: 0.1
[component_container-3] [INFO] [1775088264.062393715] [ros_gz_container]: Loading joint: shoulder_pan_joint
[component_container-3] [INFO] [1775088264.062398885] [ros_gz_container]: 	State:
[component_container-3] [INFO] [1775088264.062403714] [ros_gz_container]: 		 position
[component_container-3] [INFO] [1775088264.062411699] [ros_gz_container]: 			 found initial value: -0.159700
[component_container-3] [INFO] [1775088264.062417801] [ros_gz_container]: 		 velocity
[component_container-3] [INFO] [1775088264.062424053] [ros_gz_container]: 			 found initial value: 0.000000
[component_container-3] [INFO] [1775088264.062429794] [ros_gz_container]: 		 effort
[component_container-3] [INFO] [1775088264.062435685] [ros_gz_container]: 			 found initial value: 0.000000
[component_container-3] [INFO] [1775088264.062441737] [ros_gz_container]: 	Command:
[component_container-3] [INFO] [1775088264.062446856] [ros_gz_container]: 		 position
[component_container-3] [INFO] [1775088264.062456805] [ros_gz_container]: 		 velocity
[component_container-3] [INFO] [1775088264.062464670] [ros_gz_container]: 		 effort
[component_container-3] [INFO] [1775088264.062476052] [ros_gz_container]: Loading joint: shoulder_lift_joint
[component_container-3] [INFO] [1775088264.062480561] [ros_gz_container]: 	State:
[component_container-3] [INFO] [1775088264.062485761] [ros_gz_container]: 		 position
[component_container-3] [INFO] [1775088264.062492453] [ros_gz_container]: 			 found initial value: -1.354200
[component_container-3] [INFO] [1775088264.062498865] [ros_gz_container]: 		 velocity
[component_container-3] [INFO] [1775088264.062510688] [ros_gz_container]: 			 found initial value: 0.000000
[component_container-3] [INFO] [1775088264.062517331] [ros_gz_container]: 		 effort
[component_container-3] [INFO] [1775088264.062536317] [ros_gz_container]: 			 found initial value: 0.000000
[component_container-3] [INFO] [1775088264.062543961] [ros_gz_container]: 	Command:
[component_container-3] [INFO] [1775088264.062549472] [ros_gz_container]: 		 position
[component_container-3] [INFO] [1775088264.062563188] [ros_gz_container]: 		 velocity
[component_container-3] [INFO] [1775088264.062570352] [ros_gz_container]: 		 effort
[component_container-3] [INFO] [1775088264.062579399] [ros_gz_container]: Loading joint: elbow_joint
[component_container-3] [INFO] [1775088264.062583737] [ros_gz_container]: 	State:
[component_container-3] [INFO] [1775088264.062588486] [ros_gz_container]: 		 position
[component_container-3] [INFO] [1775088264.062594077] [ros_gz_container]: 			 found initial value: -1.664800
[component_container-3] [INFO] [1775088264.062598926] [ros_gz_container]: 		 velocity
[component_container-3] [INFO] [1775088264.062603715] [ros_gz_container]: 			 found initial value: 0.000000
[component_container-3] [INFO] [1775088264.062608655] [ros_gz_container]: 		 effort
[component_container-3] [INFO] [1775088264.062613774] [ros_gz_container]: 			 found initial value: 0.000000
[component_container-3] [INFO] [1775088264.062618423] [ros_gz_container]: 	Command:
[component_container-3] [INFO] [1775088264.062622521] [ros_gz_container]: 		 position
[component_container-3] [INFO] [1775088264.062628743] [ros_gz_container]: 		 velocity
[component_container-3] [INFO] [1775088264.062633763] [ros_gz_container]: 		 effort
[component_container-3] [INFO] [1775088264.062642549] [ros_gz_container]: Loading joint: wrist_1_joint
[component_container-3] [INFO] [1775088264.062646707] [ros_gz_container]: 	State:
[component_container-3] [INFO] [1775088264.062650585] [ros_gz_container]: 		 position
[component_container-3] [INFO] [1775088264.062655233] [ros_gz_container]: 			 found initial value: -1.693300
[component_container-3] [INFO] [1775088264.062662858] [ros_gz_container]: 		 velocity
[component_container-3] [INFO] [1775088264.062667397] [ros_gz_container]: 			 found initial value: 0.000000
[component_container-3] [INFO] [1775088264.062671935] [ros_gz_container]: 		 effort
[component_container-3] [INFO] [1775088264.062676173] [ros_gz_container]: 			 found initial value: 0.000000
[component_container-3] [INFO] [1775088264.062680532] [ros_gz_container]: 	Command:
[component_container-3] [INFO] [1775088264.062684339] [ros_gz_container]: 		 position
[component_container-3] [INFO] [1775088264.062690952] [ros_gz_container]: 		 velocity
[component_container-3] [INFO] [1775088264.062695711] [ros_gz_container]: 		 effort
[component_container-3] [INFO] [1775088264.062703185] [ros_gz_container]: Loading joint: wrist_2_joint
[component_container-3] [INFO] [1775088264.062707253] [ros_gz_container]: 	State:
[component_container-3] [INFO] [1775088264.062711110] [ros_gz_container]: 		 position
[component_container-3] [INFO] [1775088264.062715719] [ros_gz_container]: 			 found initial value: 1.571000
[component_container-3] [INFO] [1775088264.062720808] [ros_gz_container]: 		 velocity
[component_container-3] [INFO] [1775088264.062725207] [ros_gz_container]: 			 found initial value: 0.000000
[component_container-3] [INFO] [1775088264.062729605] [ros_gz_container]: 		 effort
[component_container-3] [INFO] [1775088264.062733823] [ros_gz_container]: 			 found initial value: 0.000000
[component_container-3] [INFO] [1775088264.062738161] [ros_gz_container]: 	Command:
[component_container-3] [INFO] [1775088264.062744383] [ros_gz_container]: 		 position
[component_container-3] [INFO] [1775088264.062750976] [ros_gz_container]: 		 velocity
[component_container-3] [INFO] [1775088264.062755745] [ros_gz_container]: 		 effort
[component_container-3] [INFO] [1775088264.062763780] [ros_gz_container]: Loading joint: wrist_3_joint
[component_container-3] [INFO] [1775088264.062767928] [ros_gz_container]: 	State:
[component_container-3] [INFO] [1775088264.062771756] [ros_gz_container]: 		 position
[component_container-3] [INFO] [1775088264.062776334] [ros_gz_container]: 			 found initial value: 1.411000
[component_container-3] [INFO] [1775088264.062780873] [ros_gz_container]: 		 velocity
[component_container-3] [INFO] [1775088264.062786504] [ros_gz_container]: 			 found initial value: 0.000000
[component_container-3] [INFO] [1775088264.062791002] [ros_gz_container]: 		 effort
[component_container-3] [INFO] [1775088264.062795230] [ros_gz_container]: 			 found initial value: 0.000000
[component_container-3] [INFO] [1775088264.062799599] [ros_gz_container]: 	Command:
[component_container-3] [INFO] [1775088264.062803496] [ros_gz_container]: 		 position
[component_container-3] [INFO] [1775088264.062810069] [ros_gz_container]: 		 velocity
[component_container-3] [INFO] [1775088264.062816120] [ros_gz_container]: 		 effort
[component_container-3] [INFO] [1775088264.062830808] [ros_gz_container]: Loading sensor: AtiForceTorqueSensor
[component_container-3] [INFO] [1775088264.062835477] [ros_gz_container]: 	State:
[component_container-3] [INFO] [1775088264.062842831] [ros_gz_container]: 		 force.x
[component_container-3] [INFO] [1775088264.062847079] [ros_gz_container]: 		 force.y
[component_container-3] [INFO] [1775088264.062851477] [ros_gz_container]: 		 force.z
[component_container-3] [INFO] [1775088264.062855856] [ros_gz_container]: 		 torque.x
[component_container-3] [INFO] [1775088264.062860284] [ros_gz_container]: 		 torque.y
[component_container-3] [INFO] [1775088264.062876876] [ros_gz_container]: 		 torque.z
[component_container-3] [INFO] [1775088264.062923074] [ros_gz_container]: Initialize hardware 'ControlSystem' 
[component_container-3] [WARN] [1775088264.063021121] [rcl.logging_rosout]: Publisher already registered for node name: 'ros_gz_container'. If this is due to multiple nodes with the same name then all logs for the logger named 'ros_gz_container' will go out over the existing publisher. As soon as any node with that name is destructed it will unregister the publisher, preventing any further logs for that name from being published on the rosout topic.
[component_container-3] [INFO] [1775088264.063880478] [ros_gz_container.hardware_component.system.ControlSystem]: `status_publish_rate` is set to 0.0, hardware status publisher will not be created.
[component_container-3] [INFO] [1775088264.063980308] [ros_gz_container]: Successful initialization of hardware 'ControlSystem'
[component_container-3] [INFO] [1775088264.064170541] [resource_manager]: 'configure' hardware 'ControlSystem' 
[component_container-3] [INFO] [1775088264.064176342] [ros_gz_container]: System Successfully configured!
[component_container-3] [INFO] [1775088264.064182954] [resource_manager]: Successful 'configure' of hardware 'ControlSystem'
[component_container-3] [INFO] [1775088264.064193114] [resource_manager]: 'activate' hardware 'ControlSystem' 
[component_container-3] [INFO] [1775088264.064202471] [resource_manager]: Successful 'activate' of hardware 'ControlSystem'
[component_container-3] [INFO] [1775088264.064260812] [resource_manager]: 'configure' hardware 'gripper' 
[component_container-3] [INFO] [1775088264.064264580] [ros_gz_container]: System Successfully configured!
[component_container-3] [INFO] [1775088264.064269279] [resource_manager]: Successful 'configure' of hardware 'gripper'
[component_container-3] [INFO] [1775088264.064272655] [resource_manager]: 'activate' hardware 'gripper' 
[component_container-3] [INFO] [1775088264.064275490] [resource_manager]: Successful 'activate' of hardware 'gripper'
[component_container-3] [WARN] [1775088264.064288505] [controller_manager]: Component 'ControlSystem' does not have read or write statistics initialized, skipping registration.
[component_container-3] [WARN] [1775088264.064299105] [controller_manager]: Component 'gripper' does not have read or write statistics initialized, skipping registration.
[component_container-3] [INFO] [1775088264.064307812] [controller_manager]: Resource Manager has been successfully initialized. Starting Controller Manager services...
[2m2026-04-02T00:04:24.105966Z[0m [32m INFO[0m acc-0 ThreadId(04) [2mzenoh::net::routing::interceptor::access_control[0m[2m:[0m 661064c9b7035406a8e87cb2c4667b8e did not match any configured ACL subject. Default permission `Allow` will be applied on all messages
[2m2026-04-02T00:04:24.108463Z[0m [32m INFO[0m acc-0 ThreadId(04) [2mzenoh::net::routing::interceptor::access_control[0m[2m:[0m 9ec2c1619c91bb2ff1daa721d86beb79 did not match any configured ACL subject. Default permission `Allow` will be applied on all messages
[component_container-3] [INFO] [1775088264.147241509] [controller_manager]: Loading controller : 'fts_broadcaster' of type 'force_torque_sensor_broadcaster/ForceTorqueSensorBroadcaster'
[component_container-3] [INFO] [1775088264.147281785] [controller_manager]: Loading controller 'fts_broadcaster'
[component_container-3] [INFO] [1775088264.148200626] [controller_manager]: Controller 'fts_broadcaster' node arguments: --ros-args --params-file /ws_aic/install/share/aic_bringup/config/aic_ros2_controllers.yaml -p use_sim_time:=true --param use_sim_time:=true 
[spawner-10] [INFO] [1775088264.169212318] [spawner_fts_broadcaster]: Loaded fts_broadcaster
[component_container-3] [INFO] [1775088264.169897323] [controller_manager]: Configuring controller: 'fts_broadcaster'
[component_container-3] [INFO] [1775088264.171830576] [fts_broadcaster]: configure successful
[component_container-3] [INFO] [1775088264.172789904] [controller_manager]: Activating controllers: [ fts_broadcaster ]
[component_container-3] [INFO] [1775088264.172883803] [controller_manager]: Requested controller switch from non-realtime loop
[component_container-3] [INFO] [1775088264.172982411] [controller_manager]: Successfully switched controllers!
[gz-4] libEGL warning: pci id for fd 95: 10de:1e84, driver (null)
[gz-4] 
[gz-4] pci id for fd 97: 10de:1e84, driver (null)
[gz-4] pci id for fd 98: 10de:1e84, driver (null)
[gz-4] libEGL warning: egl: failed to create dri2 screen
[gz-4] libEGL warning: pci id for fd 95: 10de:1e84, driver (null)
[gz-4] 
[gz-4] pci id for fd 97: 10de:1e84, driver (null)
[gz-4] pci id for fd 98: 10de:1e84, driver (null)
[gz-4] libEGL warning: egl: failed to create dri2 screen
[gz-4] libEGL warning: pci id for fd 95: 10de:1e84, driver (null)
[gz-4] 
[component_container-3] (2026-04-01 20:04:26.055) [debug] [SystemManager.cc:80] Loaded system [gz_ros2_control::GazeboSimROS2ControlPlugin] for entity [31]
[component_container-3] (2026-04-01 20:04:26.056) [debug] [SystemManager.cc:80] Loaded system [gz::sim::systems::ForceTorque] for entity [31]
[component_container-3] (2026-04-01 20:04:26.057) [debug] [OffLimitContactsPlugin.cc:41] aic_gazebo::OffLimitContactsPlugin::Configure on entity: 31
[component_container-3] (2026-04-01 20:04:26.057) [debug] [OffLimitContactsPlugin.cc:165] Enabled collision [34]
[component_container-3] (2026-04-01 20:04:26.057) [debug] [OffLimitContactsPlugin.cc:165] Enabled collision [37]
[component_container-3] (2026-04-01 20:04:26.057) [debug] [OffLimitContactsPlugin.cc:165] Enabled collision [40]
[component_container-3] (2026-04-01 20:04:26.057) [debug] [OffLimitContactsPlugin.cc:165] Enabled collision [43]
[component_container-3] (2026-04-01 20:04:26.057) [debug] [OffLimitContactsPlugin.cc:165] Enabled collision [46]
[component_container-3] (2026-04-01 20:04:26.057) [debug] [OffLimitContactsPlugin.cc:165] Enabled collision [49]
[component_container-3] (2026-04-01 20:04:26.057) [debug] [OffLimitContactsPlugin.cc:165] Enabled collision [57]
[component_container-3] (2026-04-01 20:04:26.057) [debug] [OffLimitContactsPlugin.cc:165] Enabled collision [58]
[component_container-3] (2026-04-01 20:04:26.057) [debug] [OffLimitContactsPlugin.cc:165] Enabled collision [59]
[component_container-3] (2026-04-01 20:04:26.057) [debug] [OffLimitContactsPlugin.cc:165] Enabled collision [60]
[component_container-3] (2026-04-01 20:04:26.057) [debug] [OffLimitContactsPlugin.cc:165] Enabled collision [61]
[component_container-3] (2026-04-01 20:04:26.057) [debug] [OffLimitContactsPlugin.cc:165] Enabled collision [62]
[component_container-3] (2026-04-01 20:04:26.057) [debug] [OffLimitContactsPlugin.cc:165] Enabled collision [63]
[component_container-3] (2026-04-01 20:04:26.057) [debug] [OffLimitContactsPlugin.cc:165] Enabled collision [64]
[component_container-3] (2026-04-01 20:04:26.057) [debug] [OffLimitContactsPlugin.cc:165] Enabled collision [65]
[component_container-3] (2026-04-01 20:04:26.057) [debug] [OffLimitContactsPlugin.cc:165] Enabled collision [66]
[component_container-3] (2026-04-01 20:04:26.057) [debug] [OffLimitContactsPlugin.cc:165] Enabled collision [67]
[component_container-3] (2026-04-01 20:04:26.057) [debug] [OffLimitContactsPlugin.cc:165] Enabled collision [68]
[component_container-3] (2026-04-01 20:04:26.057) [debug] [OffLimitContactsPlugin.cc:165] Enabled collision [69]
[component_container-3] (2026-04-01 20:04:26.057) [debug] [OffLimitContactsPlugin.cc:165] Enabled collision [70]
[component_container-3] (2026-04-01 20:04:26.057) [debug] [OffLimitContactsPlugin.cc:165] Enabled collision [71]
[component_container-3] (2026-04-01 20:04:26.057) [debug] [OffLimitContactsPlugin.cc:165] Enabled collision [72]
[component_container-3] (2026-04-01 20:04:26.057) [debug] [OffLimitContactsPlugin.cc:165] Enabled collision [73]
[component_container-3] (2026-04-01 20:04:26.057) [debug] [OffLimitContactsPlugin.cc:165] Enabled collision [74]
[component_container-3] (2026-04-01 20:04:26.057) [debug] [OffLimitContactsPlugin.cc:165] Enabled collision [75]
[component_container-3] (2026-04-01 20:04:26.058) [debug] [OffLimitContactsPlugin.cc:165] Enabled collision [81]
[component_container-3] (2026-04-01 20:04:26.058) [debug] [OffLimitContactsPlugin.cc:165] Enabled collision [82]
[component_container-3] (2026-04-01 20:04:26.058) [debug] [OffLimitContactsPlugin.cc:165] Enabled collision [85]
[component_container-3] (2026-04-01 20:04:26.058) [debug] [OffLimitContactsPlugin.cc:165] Enabled collision [86]
[component_container-3] (2026-04-01 20:04:26.058) [debug] [OffLimitContactsPlugin.cc:165] Enabled collision [87]
[component_container-3] (2026-04-01 20:04:26.058) [debug] [OffLimitContactsPlugin.cc:165] Enabled collision [88]
[component_container-3] (2026-04-01 20:04:26.058) [debug] [OffLimitContactsPlugin.cc:165] Enabled collision [91]
[component_container-3] (2026-04-01 20:04:26.058) [debug] [OffLimitContactsPlugin.cc:165] Enabled collision [92]
[component_container-3] (2026-04-01 20:04:26.058) [debug] [OffLimitContactsPlugin.cc:165] Enabled collision [93]
[component_container-3] (2026-04-01 20:04:26.058) [debug] [OffLimitContactsPlugin.cc:165] Enabled collision [94]
[component_container-3] (2026-04-01 20:04:26.058) [debug] [SystemManager.cc:80] Loaded system [aic_gazebo::OffLimitContactsPlugin] for entity [31]
[component_container-3] (2026-04-01 20:04:26.059) [debug] [ResetJointsPlugin.cc:40] aic_gazebo::ResetJointsPlugin::Configure on entity: 31
[component_container-3] [WARN] [1775088266.059437275] [rcl.logging_rosout]: Publisher already registered for node name: 'ros_gz_container'. If this is due to multiple nodes with the same name then all logs for the logger named 'ros_gz_container' will go out over the existing publisher. As soon as any node with that name is destructed it will unregister the publisher, preventing any further logs for that name from being published on the rosout topic.
[component_container-3] (2026-04-01 20:04:26.060) [info] [ResetJointsPlugin.cc:117] Initialized ResetJointsPlugin!
[component_container-3] (2026-04-01 20:04:26.060) [debug] [SystemManager.cc:80] Loaded system [aic_gazebo::ResetJointsPlugin] for entity [31]
[component_container-3] (2026-04-01 20:04:26.061) [debug] [UserCommands.cc:1108] Created entity [31] named [ur5e]
[component_container-3] (2026-04-01 20:04:26.064) [debug] [Physics.cc:1171] Attempting to set physics options, but the physics engine doesn't support feature [CollisionPairMaxContacts]. Options will be ignored.
[component_container-3] (2026-04-01 20:04:26.072) [debug] [Sensors.cc:953] Initialization needed
[component_container-3] (2026-04-01 20:04:26.072) [debug] [Sensors.cc:349] Initializing render context
[component_container-3] (2026-04-01 20:04:26.073) [info] [RenderEngineManager.cc:514] Loading plugin [gz-rendering-ogre2]
[component_container-3] (2026-04-01 20:04:26.074) [info] [SceneBroadcaster.cc:634] Serving scene information on [/world/aic_world/scene/info]
[component_container-3] (2026-04-01 20:04:26.074) [info] [SceneBroadcaster.cc:643] Serving graph information on [/world/aic_world/scene/graph]
[component_container-3] (2026-04-01 20:04:26.074) [info] [SceneBroadcaster.cc:654] Serving full state on [/world/aic_world/state]
[component_container-3] (2026-04-01 20:04:26.074) [info] [SceneBroadcaster.cc:663] Serving full state (async) on [/world/aic_world/state_async]
[component_container-3] (2026-04-01 20:04:26.074) [info] [SceneBroadcaster.cc:671] Publishing scene information on [/world/aic_world/scene/info]
[component_container-3] (2026-04-01 20:04:26.074) [info] [SceneBroadcaster.cc:680] Publishing entity deletions on [/world/aic_world/scene/deletion]
[component_container-3] (2026-04-01 20:04:26.074) [info] [SceneBroadcaster.cc:689] Publishing state changes on [/world/aic_world/state]
[component_container-3] (2026-04-01 20:04:26.074) [info] [SceneBroadcaster.cc:700] Publishing pose messages on [/world/aic_world/pose/info]
[component_container-3] (2026-04-01 20:04:26.074) [info] [SceneBroadcaster.cc:711] Publishing dynamic pose messages on [/world/aic_world/dynamic_pose/info]
[component_container-3] (2026-04-01 20:04:26.075) [debug] [EntityComponentManager.cc:1676] Updated state thread iterators: 24 threads processing around 5 entities each.
[component_container-3] (2026-04-01 20:04:26.089) [debug] [SimulationRunner.cc:600] Exiting postupdate worker thread (0)
[component_container-3] (2026-04-01 20:04:26.089) [debug] [SimulationRunner.cc:600] Exiting postupdate worker thread (3)
[component_container-3] (2026-04-01 20:04:26.089) [debug] [SimulationRunner.cc:600] Exiting postupdate worker thread (1)
[component_container-3] (2026-04-01 20:04:26.089) [debug] [SimulationRunner.cc:600] Exiting postupdate worker thread (2)
[component_container-3] (2026-04-01 20:04:26.089) [debug] [SimulationRunner.cc:573] Creating PostUpdate worker threads: 6
[component_container-3] (2026-04-01 20:04:26.089) [debug] [SimulationRunner.cc:584] Creating postupdate worker thread (0)
[component_container-3] (2026-04-01 20:04:26.089) [debug] [SimulationRunner.cc:584] Creating postupdate worker thread (1)
[component_container-3] (2026-04-01 20:04:26.089) [debug] [SimulationRunner.cc:584] Creating postupdate worker thread (2)
[component_container-3] (2026-04-01 20:04:26.089) [debug] [SimulationRunner.cc:584] Creating postupdate worker thread (3)
[component_container-3] (2026-04-01 20:04:26.089) [debug] [SimulationRunner.cc:584] Creating postupdate worker thread (4)
[aic_engine-8] [INFO] [1775088266.091506954] [aic_engine]: Clock found successfully.
[component_container-3] (2026-04-01 20:04:26.091) [debug] [EntityComponentManager.cc:1676] Updated state thread iterators: 24 threads processing around 5 entities each.
[aic_engine-8] [INFO] [1775088266.098763920] [aic_engine]: Retrieved home joint position from config: [shoulder_pan_joint]: -0.159700
[aic_engine-8] [INFO] [1775088266.098798486] [aic_engine]: Retrieved home joint position from config: [shoulder_lift_joint]: -1.354200
[aic_engine-8] [INFO] [1775088266.098807894] [aic_engine]: Retrieved home joint position from config: [elbow_joint]: -1.664800
[aic_engine-8] [INFO] [1775088266.098816701] [aic_engine]: Retrieved home joint position from config: [wrist_1_joint]: -1.693300
[aic_engine-8] [INFO] [1775088266.098823454] [aic_engine]: Retrieved home joint position from config: [wrist_2_joint]: 1.571000
[aic_engine-8] [INFO] [1775088266.098829716] [aic_engine]: Retrieved home joint position from config: [wrist_3_joint]: 1.411000
[aic_engine-8] [INFO] [1775088266.098834495] [aic_engine]: Pre-built home messages for robot homing.
[aic_engine-8] [INFO] [1775088266.099587981] [aic_engine]: Bag output directory: /home/untangled/aic_results
[aic_engine-8] [INFO] [1775088266.099600334] [aic_engine]: [1;32m✓ AIC Engine initialized successfully![0m
[aic_engine-8] [INFO] [1775088266.099606025] [aic_engine]:  
[aic_engine-8] [INFO] [1775088266.099610353] [aic_engine]: [1;35m╔════════════════════════════════════════╗[0m
[aic_engine-8] [INFO] [1775088266.099615122] [aic_engine]: [1;35m║      Starting AIC Engine Run           ║[0m
[aic_engine-8] [INFO] [1775088266.099618769] [aic_engine]: [1;35m║   Total Trials: 50                     ║[0m
[aic_engine-8] [INFO] [1775088266.099622807] [aic_engine]: [1;35m╚════════════════════════════════════════╝[0m
[aic_engine-8] [INFO] [1775088266.099627075] [aic_engine]:  
[aic_engine-8] [INFO] [1775088266.099633928] [aic_engine]:  
[aic_engine-8] [INFO] [1775088266.099637555] [aic_engine]: [1;33m━━━━━━━━━━━━━━━━━━━━━━━━━━━━━━━━━━━━━━━━[0m
[aic_engine-8] [INFO] [1775088266.099642124] [aic_engine]: [1;33m  Trial 1/50: trial_1[0m
[aic_engine-8] [INFO] [1775088266.099646191] [aic_engine]: [1;33m━━━━━━━━━━━━━━━━━━━━━━━━━━━━━━━━━━━━━━━━[0m
[aic_engine-8] [INFO] [1775088266.099650490] [aic_engine]: [1;36m→ Starting trial 'trial_1'...[0m
[aic_engine-8] [INFO] [1775088266.099657523] [aic_engine]: Checking participant model readiness...
[aic_engine-8] [INFO] [1775088266.099680507] [aic_engine]: No node with name 'aic_model' found. Retrying...
[spawner-10] [INFO] [1775088266.141636903] [spawner_fts_broadcaster]: Configured and activated fts_broadcaster
[gz-4] [1;33mWarning [Utils.cc:119][0m [/sdf/model[@name="ur"]/link[@name="center_camera/sensor_link"]/sensor[@name="center_camera"]/camera[@name="center_camera"]/optical_frame_id]: SDF Element[optical_frame_id] is deprecated
[gz-4] [1;33mWarning [Utils.cc:119][0m [/sdf/model[@name="ur"]/link[@name="left_camera/sensor_link"]/sensor[@name="left_camera"]/camera[@name="left_camera"]/optical_frame_id]: SDF Element[optical_frame_id] is deprecated
[gz-4] [1;33mWarning [Utils.cc:119][0m [/sdf/model[@name="ur"]/link[@name="right_camera/sensor_link"]/sensor[@name="right_camera"]/camera[@name="right_camera"]/optical_frame_id]: SDF Element[optical_frame_id] is deprecated
[INFO] [spawner-10]: process has finished cleanly [pid 25139]
[component_container-3] [1;33mWarning [Utils.cc:119][0m [/sdf/model[@name="ur"]/link[@name="center_camera/sensor_link"]/sensor[@name="center_camera"]/camera[@name="center_camera"]/optical_frame_id]: SDF Element[optical_frame_id] is deprecated
[component_container-3] [1;33mWarning [Utils.cc:119][0m [/sdf/model[@name="ur"]/link[@name="left_camera/sensor_link"]/sensor[@name="left_camera"]/camera[@name="left_camera"]/optical_frame_id]: SDF Element[optical_frame_id] is deprecated
[component_container-3] [1;33mWarning [Utils.cc:119][0m [/sdf/model[@name="ur"]/link[@name="right_camera/sensor_link"]/sensor[@name="right_camera"]/camera[@name="right_camera"]/optical_frame_id]: SDF Element[optical_frame_id] is deprecated
[component_container-3] [INFO] [1775088266.212265465] [gz_server]: InitializeCanonicalLinks
[component_container-3] [INFO] [1775088266.212442232] [gz_server]: Creating services on gz_server
[component_container-3] [INFO] [1775088266.213477535] [gz_server]: Created service /gz_server/delete_entity
[component_container-3] [INFO] [1775088266.213749072] [gz_server]: Created service /gz_server/get_entities
[component_container-3] [INFO] [1775088266.213936710] [gz_server]: Created service /gz_server/get_entity_info
[component_container-3] [INFO] [1775088266.214189140] [gz_server]: Created service /gz_server/get_entity_state
[component_container-3] [INFO] [1775088266.214421684] [gz_server]: Created service /gz_server/get_entities_states
[component_container-3] [INFO] [1775088266.214628708] [gz_server]: Created service /gz_server/get_simulation_state
[component_container-3] [INFO] [1775088266.214786659] [gz_server]: Created service /gz_server/get_simulator_features
[component_container-3] [INFO] [1775088266.214941824] [gz_server]: Created service /gz_server/reset_simulation
[component_container-3] [INFO] [1775088266.215149741] [gz_server]: Created service /gz_server/set_entity_state
[component_container-3] [INFO] [1775088266.215334923] [gz_server]: Created service /gz_server/set_simulation_state
[component_container-3] [INFO] [1775088266.215491492] [gz_server]: Created service /gz_server/spawn_entity
[component_container-3] [INFO] [1775088266.215647769] [gz_server]: Created service /gz_server/step_simulation
[component_container-3] [INFO] [1775088266.216791959] [gz_server]: Created action /gz_server/simulate_steps
[component_container-3] [INFO] [1775088266.231209949] [controller_manager]: Loading controller : 'joint_state_broadcaster' of type 'joint_state_broadcaster/JointStateBroadcaster'
[component_container-3] [INFO] [1775088266.231237782] [controller_manager]: Loading controller 'joint_state_broadcaster'
[component_container-3] [INFO] [1775088266.232360291] [controller_manager]: Controller 'joint_state_broadcaster' node arguments: --ros-args --params-file /ws_aic/install/share/aic_bringup/config/aic_ros2_controllers.yaml -p use_sim_time:=true --param use_sim_time:=true 
[component_container-3] libEGL warning: pci id for fd 79: 10de:1e84, driver (null)
[component_container-3] 
[component_container-3] pci id for fd 81: 10de:1e84, driver (null)
[component_container-3] pci id for fd 82: 10de:1e84, driver (null)
[component_container-3] libEGL warning: egl: failed to create dri2 screen
[component_container-3] libEGL warning: pci id for fd 79: 10de:1e84, driver (null)
[component_container-3] 
[component_container-3] pci id for fd 81: 10de:1e84, driver (null)
[component_container-3] pci id for fd 82: 10de:1e84, driver (null)
[component_container-3] libEGL warning: egl: failed to create dri2 screen
[component_container-3] libEGL warning: pci id for fd 79: 10de:1e84, driver (null)
[component_container-3] 
[component_container-3] (2026-04-01 20:04:26.544) [debug] [RenderUtil.cc:2646] Create scene [scene]
[component_container-3] (2026-04-01 20:04:27.093) [debug] [Sensors.cc:391] Rendering Thread initialized
[component_container-3] (2026-04-01 20:04:27.093) [debug] [Sensors.cc:953] Initialization needed
[component_container-3] (2026-04-01 20:04:27.097) [info] [ApplyLinkWrench.cc:209] Listening to instantaneous wrench commands in [/world/aic_world/wrench]
[component_container-3] (2026-04-01 20:04:27.097) [info] [ApplyLinkWrench.cc:220] Listening to persistent wrench commands in [/world/aic_world/wrench/persistent]
[component_container-3] (2026-04-01 20:04:27.097) [info] [ApplyLinkWrench.cc:231] Listening to wrench clear commands in [/world/aic_world/wrench/clear]
[component_container-3] (2026-04-01 20:04:27.097) [debug] [SystemManager.cc:80] Loaded system [gz::sim::systems::ApplyLinkWrench] for entity [1]
[component_container-3] (2026-04-01 20:04:27.097) [debug] [ForceTorque.cc:162] Adding JointTransmittedWrench to: 110
[component_container-3] [INFO] [1775088267.098110460] [ros_gz_container]: ForceTorque AtiForceTorqueSensor has a topic name: /axia80_m20/wrench
[component_container-3] [INFO] [1775088267.098318817] [ros_gz_container]: ForceTorque AtiForceTorqueSensor has a topic name: /axia80_m20/wrench
[spawner-9] [INFO] [1775088267.123757694] [spawner_joint_state_broadcaster]: Loaded joint_state_broadcaster
[component_container-3] [INFO] [1775088267.124740396] [controller_manager]: Configuring controller: 'joint_state_broadcaster'
[component_container-3] [INFO] [1775088267.124879731] [joint_state_broadcaster]: 'joints' or 'interfaces' parameter is empty. All available state interfaces will be published
[component_container-3] (2026-04-01 20:04:27.724) [debug] [CameraSensor.cc:342] Camera images for [ur5e::center_camera/sensor_link::center_camera] advertised on [/center_camera/image]
[component_container-3] (2026-04-01 20:04:27.724) [debug] [CameraSensor.cc:632] Camera info for [ur5e::center_camera/sensor_link::center_camera] advertised on [/center_camera/camera_info]
[component_container-3] (2026-04-01 20:04:27.724) [warning] [Ogre2Camera.cc:423] Ogre2Camera::SetVisibilityMask: Mask bits c0000000 are set but will be ignored as they conflict with the reserved bits used internally by the ogre2 backend.
[component_container-3] (2026-04-01 20:04:27.724) [debug] [CameraSensor.cc:342] Camera images for [ur5e::left_camera/sensor_link::left_camera] advertised on [/left_camera/image]
[component_container-3] (2026-04-01 20:04:27.724) [debug] [CameraSensor.cc:632] Camera info for [ur5e::left_camera/sensor_link::left_camera] advertised on [/left_camera/camera_info]
[component_container-3] (2026-04-01 20:04:27.724) [warning] [Ogre2Camera.cc:423] Ogre2Camera::SetVisibilityMask: Mask bits c0000000 are set but will be ignored as they conflict with the reserved bits used internally by the ogre2 backend.
[component_container-3] (2026-04-01 20:04:27.724) [debug] [CameraSensor.cc:342] Camera images for [ur5e::right_camera/sensor_link::right_camera] advertised on [/right_camera/image]
[component_container-3] (2026-04-01 20:04:27.725) [debug] [CameraSensor.cc:632] Camera info for [ur5e::right_camera/sensor_link::right_camera] advertised on [/right_camera/camera_info]
[component_container-3] (2026-04-01 20:04:27.725) [warning] [Ogre2Camera.cc:423] Ogre2Camera::SetVisibilityMask: Mask bits c0000000 are set but will be ignored as they conflict with the reserved bits used internally by the ogre2 backend.
[component_container-3] (2026-04-01 20:04:28.818) [debug] [CameraSensor.cc:441] Enabling camera sensor: 'ur5e::center_camera/sensor_link::center_camera' data generation.
[component_container-3] (2026-04-01 20:04:28.864) [debug] [CameraSensor.cc:441] Enabling camera sensor: 'ur5e::left_camera/sensor_link::left_camera' data generation.
[component_container-3] (2026-04-01 20:04:28.878) [debug] [CameraSensor.cc:441] Enabling camera sensor: 'ur5e::right_camera/sensor_link::right_camera' data generation.
[component_container-3] (2026-04-01 20:04:28.892) [debug] [SimulationRunner.cc:600] Exiting postupdate worker thread (0)
[component_container-3] (2026-04-01 20:04:28.892) [debug] [SimulationRunner.cc:600] Exiting postupdate worker thread (1)
[component_container-3] (2026-04-01 20:04:28.892) [debug] [SimulationRunner.cc:600] Exiting postupdate worker thread (2)
[component_container-3] (2026-04-01 20:04:28.892) [debug] [SimulationRunner.cc:600] Exiting postupdate worker thread (4)
[component_container-3] (2026-04-01 20:04:28.892) [debug] [SimulationRunner.cc:600] Exiting postupdate worker thread (3)
[component_container-3] (2026-04-01 20:04:28.893) [debug] [SimulationRunner.cc:573] Creating PostUpdate worker threads: 6
[component_container-3] (2026-04-01 20:04:28.893) [debug] [SimulationRunner.cc:584] Creating postupdate worker thread (0)
[component_container-3] (2026-04-01 20:04:28.893) [debug] [SimulationRunner.cc:584] Creating postupdate worker thread (1)
[component_container-3] (2026-04-01 20:04:28.893) [debug] [SimulationRunner.cc:584] Creating postupdate worker thread (2)
[component_container-3] (2026-04-01 20:04:28.893) [debug] [SimulationRunner.cc:584] Creating postupdate worker thread (3)
[component_container-3] (2026-04-01 20:04:28.893) [debug] [SimulationRunner.cc:584] Creating postupdate worker thread (4)
[component_container-3] [INFO] [1775088268.896849642] [controller_manager]: Activating controllers: [ joint_state_broadcaster ]
[component_container-3] [INFO] [1775088268.897034093] [controller_manager]: Requested controller switch from non-realtime loop
[component_container-3] [INFO] [1775088268.897363370] [controller_manager]: Successfully switched controllers!
[spawner-9] [INFO] [1775088268.900716198] [spawner_joint_state_broadcaster]: Configured and activated joint_state_broadcaster
[INFO] [spawner-9]: process has finished cleanly [pid 25138]
[INFO] [spawner-11]: process started with pid [25434]
[2m2026-04-02T00:04:29.163074Z[0m [32m INFO[0m acc-0 ThreadId(04) [2mzenoh::net::routing::interceptor::access_control[0m[2m:[0m 137ded3cc9bed7de6b9bc429fdd0d503 did not match any configured ACL subject. Default permission `Allow` will be applied on all messages
[component_container-3] [INFO] [1775088269.205698154] [controller_manager]: Loading controller : 'aic_controller' of type 'aic/Controller'
[component_container-3] [INFO] [1775088269.205744703] [controller_manager]: Loading controller 'aic_controller'
[component_container-3] [INFO] [1775088269.208573322] [controller_manager]: Controller 'aic_controller' node arguments: --ros-args --params-file /ws_aic/install/share/aic_bringup/config/aic_ros2_controllers.yaml -p use_sim_time:=true --param use_sim_time:=true 
[component_container-3] (2026-04-01 20:04:29.243) [debug] [WorldSdfGeneratorPlugin.cc:79] Saving world: aic_world to: /tmp/aic.sdf
[component_container-3] (2026-04-01 20:04:29.243) [info] [WorldSdfGeneratorPlugin.cc:84] World saved to /tmp/aic.sdf
[spawner-11] [INFO] [1775088269.261594208] [spawner_aic_controller]: Loaded aic_controller
[component_container-3] [INFO] [1775088269.262317516] [controller_manager]: Configuring controller: 'aic_controller'
[component_container-3] [INFO] [1775088269.262436242] [aic_controller]: Control mode set to impedance
[component_container-3] [INFO] [1775088269.262454447] [aic_controller]: Target mode set to Cartesian. Accepting MotionUpdate targets.
[component_container-3] [INFO] [1775088269.275614329] [controller_manager]: Activating controllers: [ aic_controller ]
[component_container-3] [INFO] [1775088269.275772180] [controller_manager]: Requested controller switch from non-realtime loop
[component_container-3] [INFO] [1775088269.275934739] [controller_manager]: Successfully switched controllers!
[component_container-3] (2026-04-01 20:04:29.276) [warning] [Component.hh:144] Trying to serialize component with data type [St6vectorIdSaIdEE], which doesn't have `operator<<`. Component will not be serialized.
[component_container-3] (2026-04-01 20:04:29.277) [warning] [Component.hh:189] Trying to deserialize component with data type [St6vectorIdSaIdEE], which doesn't have `operator>>`. Component will not be deserialized.
[spawner-11] [INFO] [1775088269.277673502] [spawner_aic_controller]: Configured and activated all the parsed controllers list : ['aic_controller']!
[INFO] [spawner-11]: process has finished cleanly [pid 25434]
[INFO] [rviz2-12]: process started with pid [25458]
[rviz2-12] Gtk-Message: 20:04:29.441: Failed to load module "canberra-gtk-module"
[rviz2-12] Gtk-Message: 20:04:29.442: Failed to load module "canberra-gtk-module"
[rviz2-12] _IceTransSocketUNIXConnect: Cannot connect to non-local host untangled
[rviz2-12] _IceTransSocketUNIXConnect: Cannot connect to non-local host untangled
[rviz2-12] Qt: Session management error: Could not open network socket
[2m2026-04-02T00:04:29.532671Z[0m [32m INFO[0m acc-0 ThreadId(04) [2mzenoh::net::routing::interceptor::access_control[0m[2m:[0m f0e9c85aafdbf77553162caa3e9015c7 did not match any configured ACL subject. Default permission `Allow` will be applied on all messages
[rviz2-12] [INFO] [1775088270.303350092] [rviz2]: Stereo is NOT SUPPORTED
[rviz2-12] [INFO] [1775088270.303476052] [rviz2]: OpenGl version: 4.6 (GLSL 4.6)
[aic_engine-8] [INFO] [1775088270.318488294] [aic_engine]: No node with name 'aic_model' found. Retrying...
[rviz2-12] [INFO] [1775088270.443535074] [rviz2]: Stereo is NOT SUPPORTED
[rviz2-12] [INFO] [1775088270.576215788] [rviz2]: Stereo is NOT SUPPORTED
[aic_engine-8] [INFO] [1775088271.468578728] [aic_engine]: No node with name 'aic_model' found. Retrying...
[aic_engine-8] [INFO] [1775088272.468572284] [aic_engine]: No node with name 'aic_model' found. Retrying...
[aic_engine-8] [INFO] [1775088273.468615975] [aic_engine]: No node with name 'aic_model' found. Retrying...
[aic_engine-8] [INFO] [1775088274.468598299] [aic_engine]: No node with name 'aic_model' found. Retrying...
[aic_engine-8] [INFO] [1775088275.468587584] [aic_engine]: No node with name 'aic_model' found. Retrying...
[aic_engine-8] [INFO] [1775088276.468495864] [aic_engine]: No node with name 'aic_model' found. Retrying...
[2m2026-04-02T00:04:36.576136Z[0m [32m INFO[0m acc-0 ThreadId(04) [2mzenoh::net::routing::interceptor::access_control[0m[2m:[0m 22825e8e4934a0ea1adf19059ad8db1f did not match any configured ACL subject. Default permission `Allow` will be applied on all messages
[aic_engine-8] [INFO] [1775088277.468611187] [aic_engine]: Found 1 node(s) with name 'aic_model'. Checking if it is a lifecycle node...
[aic_engine-8] [INFO] [1775088277.468690759] [aic_engine]: Service '/aic_model/get_state' is available. Participant model discovered.
[aic_engine-8] [INFO] [1775088277.468702842] [aic_engine]: Lifecycle node 'aic_model' is available. Checking if it is in 'unconfigured' state...
[aic_engine-8] [INFO] [1775088277.470537397] [aic_engine]: Lifecycle node 'aic_model' is in 'unconfigured' state
[aic_engine-8] [INFO] [1775088277.470594486] [aic_engine]: Configuring lifecycle node 'aic_model'...
[aic_engine-8] [INFO] [1775088277.470614304] [aic_engine]: Transitioning model node 'aic_model' to transition 'configure'...
[aic_engine-8] [INFO] [1775088277.489070066] [aic_engine]: Successfully transition model node 'aic_model' to state 'configure'
[aic_engine-8] [INFO] [1775088277.549908656] [aic_engine]: Insert cable action goal was rejected by the server as expected.
[aic_engine-8] [INFO] [1775088278.491587875] [aic_engine]: Lifecycle node 'aic_model' is in 'configured' state and meets all expectations.
[aic_engine-8] [INFO] [1775088278.492430130] [aic_engine]: Transitioning model node 'aic_model' to transition 'activate'...
[aic_engine-8] [INFO] [1775088278.502065617] [aic_engine]: Successfully transition model node 'aic_model' to state 'activate'
[aic_engine-8] [INFO] [1775088278.502100003] [aic_engine]: [1;32m  ✓ Model Ready for trial 'trial_1'[0m
[aic_engine-8] [INFO] [1775088278.502112547] [aic_engine]: Checking required endpoints...
[aic_engine-8] [INFO] [1775088278.510533020] [aic_engine]: All required endpoints are available.
[aic_engine-8] [INFO] [1775088278.510564610] [aic_engine]: [1;32m  ✓ Endpoints Ready for trial 'trial_1'[0m
[aic_engine-8] [INFO] [1775088278.510577054] [aic_engine]: Readying simulator for trial 'trial_1'...
[aic_engine-8] [INFO] [1775088278.510590148] [aic_engine]: Spawning task board.
[component_container-3] (2026-04-01 20:04:38.708) [debug] [SdfEntityCreator.cc:547] Link has auto-inertial enabled: sc_port_0::sc_port_link
[component_container-3] (2026-04-01 20:04:38.708) [debug] [SdfEntityCreator.cc:549]   pose: 1.88554e-19 -0.00100271 0.000137321 0 0 0
[component_container-3] (2026-04-01 20:04:38.708) [debug] [SdfEntityCreator.cc:550]   mass: 0.04
[component_container-3] (2026-04-01 20:04:38.708) [debug] [SdfEntityCreator.cc:551]   ixx iyy izz: 1.86262e-06 5.50332e-06 6.55187e-06
[component_container-3] (2026-04-01 20:04:38.708) [debug] [SdfEntityCreator.cc:553]   ixy ixz iyz: -7.41324e-15 4.19415e-23 -5.5077e-09
[component_container-3] (2026-04-01 20:04:38.709) [debug] [SdfEntityCreator.cc:547] Link has auto-inertial enabled: nic_card_mount_0::nic_card_link
[component_container-3] (2026-04-01 20:04:38.709) [debug] [SdfEntityCreator.cc:549]   pose: 0.00150732 -0.00850988 0.00340281 0 0 0
[component_container-3] (2026-04-01 20:04:38.709) [debug] [SdfEntityCreator.cc:550]   mass: 0.15
[component_container-3] (2026-04-01 20:04:38.709) [debug] [SdfEntityCreator.cc:551]   ixx iyy izz: 0.000185176 4.95164e-05 0.000228127
[component_container-3] (2026-04-01 20:04:38.709) [debug] [SdfEntityCreator.cc:553]   ixy ixz iyz: -1.61776e-06 6.54063e-07 1.04636e-07
[component_container-3] (2026-04-01 20:04:38.712) [debug] [SystemManager.cc:80] Loaded system [gz::sim::systems::PosePublisher] for entity [118]
[component_container-3] (2026-04-01 20:04:38.712) [debug] [SystemManager.cc:80] Loaded system [gz::sim::systems::TouchPlugin] for entity [165]
[component_container-3] (2026-04-01 20:04:38.713) [debug] [SystemManager.cc:80] Loaded system [gz::sim::systems::TouchPlugin] for entity [188]
[component_container-3] (2026-04-01 20:04:38.713) [debug] [SystemManager.cc:80] Loaded system [gz::sim::systems::TouchPlugin] for entity [188]
[component_container-3] (2026-04-01 20:04:38.713) [debug] [UserCommands.cc:1108] Created entity [118] named [task_board]
[component_container-3] (2026-04-01 20:04:38.717) [info] [Contact.cc:125] Contact system publishing on world/aic_world/model/task_board/model/sc_port_0/link/sc_port_link/sensor/sc_port_sensor/contact
[aic_engine-8] [INFO] [1775088278.717370857] [aic_engine]: Successfully spawned task_board as 'task_board'
[aic_engine-8] [INFO] [1775088278.717427275] [aic_engine]: Task board spawned successfully.
[component_container-3] (2026-04-01 20:04:38.717) [info] [Contact.cc:125] Contact system publishing on world/aic_world/model/task_board/model/nic_card_mount_0/link/nic_card_link/sensor/sfp_port_sensor/contact
[component_container-3] [INFO] [1775088278.717781350] [aic_controller]: Received service request to tare force torque sensor!
[component_container-3] [INFO] [1775088278.717817839] [aic_controller]: Successfully tared force torque sensor.
[aic_engine-8] [INFO] [1775088278.718005336] [aic_engine]: Spawning cable.
[aic_engine-8] [INFO] [1775088278.718099366] [aic_engine]: Spawning cable 'cable_0'...
[component_container-3] [INFO] [1775088278.720788439] [gz_server]: InitializeCanonicalLinks
[component_container-3] (2026-04-01 20:04:38.720) [warning] [Component.hh:127] Trying to serialize component with data type [St10shared_ptrIN3sdf3v157ElementEE], which doesn't have `operator<<`. Component will not be serialized.
[component_container-3] (2026-04-01 20:04:38.726) [debug] [SimulationRunner.cc:600] Exiting postupdate worker thread (3)
[component_container-3] (2026-04-01 20:04:38.726) [debug] [SimulationRunner.cc:600] Exiting postupdate worker thread (4)
[component_container-3] (2026-04-01 20:04:38.726) [debug] [SimulationRunner.cc:600] Exiting postupdate worker thread (2)
[component_container-3] (2026-04-01 20:04:38.726) [debug] [SimulationRunner.cc:600] Exiting postupdate worker thread (0)
[component_container-3] (2026-04-01 20:04:38.726) [debug] [SimulationRunner.cc:600] Exiting postupdate worker thread (1)
[component_container-3] (2026-04-01 20:04:38.727) [warning] [Component.hh:172] Trying to deserialize component with data type [St10shared_ptrIN3sdf3v157ElementEE], which doesn't have `operator>>`. Component will not be deserialized.
[component_container-3] (2026-04-01 20:04:38.727) [debug] [SimulationRunner.cc:573] Creating PostUpdate worker threads: 10
[component_container-3] (2026-04-01 20:04:38.727) [debug] [SimulationRunner.cc:584] Creating postupdate worker thread (0)
[component_container-3] (2026-04-01 20:04:38.727) [debug] [SimulationRunner.cc:584] Creating postupdate worker thread (1)
[component_container-3] (2026-04-01 20:04:38.727) [debug] [SimulationRunner.cc:584] Creating postupdate worker thread (2)
[component_container-3] (2026-04-01 20:04:38.727) [debug] [SimulationRunner.cc:584] Creating postupdate worker thread (3)
[component_container-3] (2026-04-01 20:04:38.727) [debug] [SimulationRunner.cc:584] Creating postupdate worker thread (4)
[component_container-3] (2026-04-01 20:04:38.728) [debug] [SimulationRunner.cc:584] Creating postupdate worker thread (5)
[component_container-3] (2026-04-01 20:04:38.728) [debug] [SimulationRunner.cc:584] Creating postupdate worker thread (6)
[component_container-3] (2026-04-01 20:04:38.728) [debug] [SimulationRunner.cc:584] Creating postupdate worker thread (7)
[component_container-3] (2026-04-01 20:04:38.728) [debug] [SimulationRunner.cc:584] Creating postupdate worker thread (8)
[component_container-3] (2026-04-01 20:04:38.728) [debug] [TouchPlugin.cc:267] Started touch plugin [sc_port_0/sc_port_base]
[component_container-3] (2026-04-01 20:04:38.729) [debug] [TouchPlugin.cc:267] Started touch plugin [nic_card_mount_0/sfp_port_0]
[component_container-3] (2026-04-01 20:04:38.729) [debug] [TouchPlugin.cc:267] Started touch plugin [nic_card_mount_0/sfp_port_1]
[component_container-3] (2026-04-01 20:04:43.567) [debug] [SdfEntityCreator.cc:547] Link has auto-inertial enabled: cable_0::lc_plug_link
[component_container-3] (2026-04-01 20:04:43.567) [debug] [SdfEntityCreator.cc:549]   pose: 0 0.0197 0 0 0 0
[component_container-3] (2026-04-01 20:04:43.567) [debug] [SdfEntityCreator.cc:550]   mass: 0.01
[component_container-3] (2026-04-01 20:04:43.567) [debug] [SdfEntityCreator.cc:551]   ixx iyy izz: 8.49658e-09 9.96094e-08 1.06153e-07
[component_container-3] (2026-04-01 20:04:43.567) [debug] [SdfEntityCreator.cc:553]   ixy ixz iyz: 0 0 2.13837e-15
[component_container-3] (2026-04-01 20:04:43.567) [debug] [SdfEntityCreator.cc:547] Link has auto-inertial enabled: cable_0::sc_plug_link
[component_container-3] (2026-04-01 20:04:43.567) [debug] [SdfEntityCreator.cc:549]   pose: -0.00907511 4.9566e-05 8.71699e-06 0 0 0
[component_container-3] (2026-04-01 20:04:43.567) [debug] [SdfEntityCreator.cc:550]   mass: 0.04
[component_container-3] (2026-04-01 20:04:43.567) [debug] [SdfEntityCreator.cc:551]   ixx iyy izz: 2.12257e-06 7.17318e-06 8.85404e-06
[component_container-3] (2026-04-01 20:04:43.567) [debug] [SdfEntityCreator.cc:553]   ixy ixz iyz: 1.24369e-08 -3.73363e-09 1.72827e-11
[component_container-3] (2026-04-01 20:04:43.568) [debug] [SdfEntityCreator.cc:547] Link has auto-inertial enabled: cable_0::sfp_module_link
[component_container-3] (2026-04-01 20:04:43.568) [debug] [SdfEntityCreator.cc:549]   pose: 0.00024115 0.00702224 0.000553372 0 0 0
[component_container-3] (2026-04-01 20:04:43.568) [debug] [SdfEntityCreator.cc:550]   mass: 0.02
[component_container-3] (2026-04-01 20:04:43.568) [debug] [SdfEntityCreator.cc:551]   ixx iyy izz: 2.81022e-06 5.74024e-07 3.07134e-06
[component_container-3] (2026-04-01 20:04:43.568) [debug] [SdfEntityCreator.cc:553]   ixy ixz iyz: 2.90452e-08 2.66891e-09 9.66165e-08
[component_container-3] (2026-04-01 20:04:43.570) [debug] [CablePlugin.cc:86] aic_gazebo::CablePlugin::Configure on entity: 242
[component_container-3] (2026-04-01 20:04:43.571) [info] [CablePlugin.cc:150] Cable transitioning to HARNESS state.
[component_container-3] (2026-04-01 20:04:43.571) [debug] [SystemManager.cc:80] Loaded system [aic_gazebo::CablePlugin] for entity [242]
[component_container-3] (2026-04-01 20:04:43.571) [debug] [SystemManager.cc:80] Loaded system [gz::sim::systems::PosePublisher] for entity [242]
[component_container-3] (2026-04-01 20:04:43.572) [debug] [UserCommands.cc:1108] Created entity [242] named [cable_0]
[aic_engine-8] [INFO] [1775088283.576846818] [aic_engine]: Successfully spawned cable_0 as 'cable_0'
[aic_engine-8] [INFO] [1775088283.576902624] [aic_engine]: Cable cable_0 spawned successfully.
[component_container-3] [INFO] [1775088283.581493391] [gz_server]: InitializeCanonicalLinks
[component_container-3] (2026-04-01 20:04:43.588) [debug] [SimulationRunner.cc:600] Exiting postupdate worker thread (6)
[component_container-3] (2026-04-01 20:04:43.588) [debug] [SimulationRunner.cc:600] Exiting postupdate worker thread (5)
[component_container-3] (2026-04-01 20:04:43.588) [debug] [SimulationRunner.cc:600] Exiting postupdate worker thread (4)
[component_container-3] (2026-04-01 20:04:43.588) [debug] [SimulationRunner.cc:600] Exiting postupdate worker thread (1)
[component_container-3] (2026-04-01 20:04:43.588) [debug] [SimulationRunner.cc:600] Exiting postupdate worker thread (8)
[component_container-3] (2026-04-01 20:04:43.588) [debug] [SimulationRunner.cc:600] Exiting postupdate worker thread (7)
[component_container-3] (2026-04-01 20:04:43.588) [debug] [SimulationRunner.cc:600] Exiting postupdate worker thread (2)
[component_container-3] (2026-04-01 20:04:43.588) [debug] [SimulationRunner.cc:600] Exiting postupdate worker thread (3)
[component_container-3] (2026-04-01 20:04:43.588) [debug] [SimulationRunner.cc:600] Exiting postupdate worker thread (0)
[component_container-3] (2026-04-01 20:04:43.589) [debug] [SimulationRunner.cc:573] Creating PostUpdate worker threads: 12
[component_container-3] (2026-04-01 20:04:43.589) [debug] [SimulationRunner.cc:584] Creating postupdate worker thread (0)
[component_container-3] (2026-04-01 20:04:43.589) [debug] [SimulationRunner.cc:584] Creating postupdate worker thread (1)
[component_container-3] (2026-04-01 20:04:43.589) [debug] [SimulationRunner.cc:584] Creating postupdate worker thread (2)
[component_container-3] (2026-04-01 20:04:43.589) [debug] [SimulationRunner.cc:584] Creating postupdate worker thread (3)
[component_container-3] (2026-04-01 20:04:43.589) [debug] [SimulationRunner.cc:584] Creating postupdate worker thread (4)
[component_container-3] (2026-04-01 20:04:43.589) [debug] [SimulationRunner.cc:584] Creating postupdate worker thread (5)
[component_container-3] (2026-04-01 20:04:43.589) [debug] [SimulationRunner.cc:584] Creating postupdate worker thread (6)
[component_container-3] (2026-04-01 20:04:43.589) [debug] [SimulationRunner.cc:584] Creating postupdate worker thread (7)
[component_container-3] (2026-04-01 20:04:43.589) [debug] [SimulationRunner.cc:584] Creating postupdate worker thread (8)
[component_container-3] (2026-04-01 20:04:43.589) [debug] [SimulationRunner.cc:584] Creating postupdate worker thread (9)
[component_container-3] (2026-04-01 20:04:43.589) [debug] [SimulationRunner.cc:584] Creating postupdate worker thread (10)
[component_container-3] (2026-04-01 20:04:43.596) [info] [CablePlugin.cc:201] Cable transitioning to WAITING state.
[component_container-3] (2026-04-01 20:04:43.596) [info] [CablePlugin.cc:213] Cable transitioning to CREATE_CONNECTIONS state.
[component_container-3] (2026-04-01 20:04:43.596) [debug] [Physics.cc:2015] Creating detachable joint [418]
[component_container-3] (2026-04-01 20:04:43.596) [debug] [Physics.cc:2015] Creating detachable joint [421]
[component_container-3] (2026-04-01 20:04:43.597) [debug] [Physics.cc:2136] Detaching joint [418]
[component_container-3] (2026-04-01 20:04:43.597) [debug] [Physics.cc:2136] Detaching joint [421]
[component_container-3] (2026-04-01 20:04:43.598) [info] [CablePlugin.cc:247] Cable transitioning to CABLE_ATTACHED_TO_GRIPPER state.
[component_container-3] (2026-04-01 20:04:43.599) [debug] [Physics.cc:2015] Creating detachable joint [422]
[component_container-3] [INFO] [1775088283.681129848] [gz_server]: InitializeCanonicalLinks
[aic_engine-8] [INFO] [1775088290.180482572] [aic_engine]: Waiting for robot arm to stabilize.
[aic_engine-8] [INFO] [1775088293.022103256] [aic_engine]: [1;32m  ✓ Simulator Ready for trial 'trial_1'[0m
[aic_engine-8] [INFO] [1775088293.022190412] [aic_engine]: Checking scoring system readiness...
[aic_engine-8] [INFO] [1775088293.130006202] [aic_engine]: Started recording to '/home/untangled/aic_results/bag_trial_1_20260401_200453_022'.
[aic_engine-8] [INFO] [1775088293.130068490] [aic_engine]: [1;32m  ✓ Scoring Ready for trial 'trial_1'[0m
[aic_engine-8] [INFO] [1775088293.130077608] [aic_engine]: Starting tasks for active trial...
[aic_engine-8] [INFO] [1775088293.130087036] [aic_engine]: Sending InsertCable goal for task [task_1]
[aic_engine-8] [INFO] [1775088293.150233879] [aic_engine]: TrialState: TasksExecuting
[aic_engine-8] [INFO] [1775088293.150377894] [aic_engine]: Waiting for result...
[2m2026-04-02T00:04:53.786813Z[0m [32m INFO[0m acc-0 ThreadId(04) [2mzenoh::net::routing::interceptor::access_control[0m[2m:[0m ae039620acbd16a5331ae4189b9961f did not match any configured ACL subject. Default permission `Allow` will be applied on all messages
[component_container-3] [INFO] [1775088295.465370505] [aic_controller]: Controller is already in Cartesian target mode.
[component_container-3] [INFO] [1775088295.487355651] [aic_controller]: Controller is already in Cartesian target mode.
[component_container-3] [INFO] [1775088297.038420094] [aic_controller]: Received request to switch target mode to MODE_JOINT.
[component_container-3] [INFO] [1775088297.115559409] [aic_controller]: Received request to switch target mode to MODE_CARTESIAN.
[component_container-3] [INFO] [1775088298.771730126] [aic_controller]: Controller is already in Cartesian target mode.
[component_container-3] [INFO] [1775088300.399210010] [aic_controller]: Controller is already in Cartesian target mode.
[component_container-3] [INFO] [1775088302.113181001] [aic_controller]: Controller is already in Cartesian target mode.
[component_container-3] [INFO] [1775088304.146786721] [aic_controller]: Controller is already in Cartesian target mode.
[component_container-3] [INFO] [1775088306.183793626] [aic_controller]: Controller is already in Cartesian target mode.
[component_container-3] [INFO] [1775088308.245456652] [aic_controller]: Controller is already in Cartesian target mode.
[component_container-3] [INFO] [1775088310.418447091] [aic_controller]: Controller is already in Cartesian target mode.
[component_container-3] [INFO] [1775088312.783235402] [aic_controller]: Controller is already in Cartesian target mode.
[component_container-3] [INFO] [1775088315.527059203] [aic_controller]: Controller is already in Cartesian target mode.
